// Jest Snapshot v1, https://goo.gl/fbAQLP

exports[`QuestionInput should render correctly 1`] = `
<div
  className="MuiPaper-root MuiPaper-elevation1 makeStyles-paper-4 MuiPaper-rounded"
>
  <div
    className="makeStyles-contentWrapper-3"
  >
    <div
      className="MuiFormControl-root MuiTextField-root makeStyles-textField-7 MuiFormControl-marginNormal"
    >
      <label
        className="MuiFormLabel-root MuiInputLabel-root MuiInputLabel-formControl MuiInputLabel-animated"
        data-shrink={false}
        htmlFor="question"
      >
        Ask a question
      </label>
      <div
        className="MuiInputBase-root MuiInput-root MuiInput-underline MuiInputBase-formControl MuiInput-formControl MuiInputBase-multiline MuiInput-multiline"
        onClick={[Function]}
      >
        <textarea
          aria-describedby="question-helper-text"
          aria-invalid={false}
          className="MuiInputBase-input MuiInput-input MuiInputBase-inputMultiline MuiInput-inputMultiline"
          disabled={false}
          id="question"
          name="question"
          onBlur={[Function]}
          onChange={[Function]}
          onFocus={[Function]}
          required={false}
          rows={5}
          value=""
        />
      </div>
      <p
        className="MuiFormHelperText-root"
        id="question-helper-text"
      >
        Enter 10 characters
      </p>
    </div>
  </div>
  <header
    className="MuiPaper-root MuiPaper-elevation0 MuiAppBar-root MuiAppBar-positionStatic makeStyles-searchBar-5 MuiAppBar-colorDefault"
  >
    <div
      className="MuiToolbar-root MuiToolbar-regular MuiToolbar-gutters"
    >
      <div
        className="MuiGrid-root MuiGrid-container MuiGrid-spacing-xs-2 MuiGrid-align-items-xs-center"
      >
        <div
          className="MuiGrid-root MuiGrid-item"
        >
          <div
            className="MuiAvatar-root MuiAvatar-colorDefault"
          >
            
          </div>
        </div>
        <div
          className="MuiGrid-root MuiGrid-item MuiGrid-grid-xs-true"
        >
          <div
            className="MuiFormControl-root MuiTextField-root MuiFormControl-fullWidth"
          >
            <div
              className="MuiInputBase-root MuiInput-root makeStyles-searchInput-6 MuiInputBase-fullWidth MuiInput-fullWidth MuiInputBase-formControl MuiInput-formControl"
              onClick={[Function]}
            >
              <input
                aria-invalid={false}
                className="MuiInputBase-input MuiInput-input"
                disabled={false}
                id="user"
                name="user"
                onBlur={[Function]}
                onChange={[Function]}
                onFocus={[Function]}
                placeholder="Your name (optional)"
                required={false}
                type="text"
                value=""
              />
            </div>
          </div>
        </div>
        <div
          className="MuiGrid-root MuiGrid-item"
        >
          <button
            className="MuiButtonBase-root MuiButton-root MuiButton-contained MuiButton-containedPrimary Mui-disabled Mui-disabled"
            disabled={true}
            id="send"
            onBlur={[Function]}
            onClick={[Function]}
            onDragLeave={[Function]}
            onFocus={[Function]}
            onKeyDown={[Function]}
            onKeyUp={[Function]}
            onMouseDown={[Function]}
            onMouseLeave={[Function]}
            onMouseUp={[Function]}
            onTouchEnd={[Function]}
            onTouchMove={[Function]}
            onTouchStart={[Function]}
            tabIndex={-1}
            type="button"
          >
            <span
              className="MuiButton-label"
            >
              <span>
                Send
              </span>
            </span>
          </button>
        </div>
      </div>
    </div>
  </header>
</div>
`;
